[2023-12-07T23:36:56.194+0300][0.013s][info][gc] Using G1
[2023-12-07T23:36:56.194+0300][0.013s][debug][gc] ConcGCThreads: 2 offset 16
[2023-12-07T23:36:56.194+0300][0.013s][debug][gc] ParallelGCThreads: 8
[2023-12-07T23:36:56.194+0300][0.013s][debug][gc] Initialize mark stack with 4096 chunks, maximum 524288
[2023-12-07T23:36:56.484+0300][0.305s][info ][gc] GC(0) Pause Young (Normal) (G1 Evacuation Pause) 92M->24M(1700M) 29.368ms
[2023-12-07T23:36:56.547+0300][0.373s][info ][gc] GC(1) Pause Young (Normal) (G1 Evacuation Pause) 107M->49M(1700M) 35.303ms
[2023-12-07T23:36:56.635+0300][0.455s][info ][gc] GC(2) Pause Young (Normal) (G1 Evacuation Pause) 130M->72M(1700M) 28.530ms
[2023-12-07T23:36:56.713+0300][0.538s][info ][gc] GC(3) Pause Young (Normal) (G1 Evacuation Pause) 157M->100M(1700M) 26.150ms
[2023-12-07T23:36:56.817+0300][0.637s][info ][gc] GC(4) Pause Young (Normal) (G1 Evacuation Pause) 194M->120M(1700M) 26.346ms
[2023-12-07T23:36:56.927+0300][0.746s][info ][gc] GC(5) Pause Young (Normal) (G1 Evacuation Pause) 238M->158M(1700M) 32.734ms
[2023-12-07T23:36:57.105+0300][0.919s][info ][gc] GC(6) Pause Young (Normal) (G1 Evacuation Pause) 327M->214M(1700M) 54.397ms
[2023-12-07T23:36:57.267+0300][1.081s][info ][gc] GC(7) Pause Young (Normal) (G1 Evacuation Pause) 379M->248M(1700M) 50.407ms
[2023-12-07T23:36:57.444+0300][1.272s][info ][gc] GC(8) Pause Young (Normal) (G1 Evacuation Pause) 428M->315M(1700M) 70.307ms
[2023-12-07T23:36:57.668+0300][1.482s][info ][gc] GC(9) Pause Young (Normal) (G1 Evacuation Pause) 534M->348M(1700M) 41.174ms
[2023-12-07T23:36:58.519+0300][2.341s][info ][gc] GC(10) Pause Young (Normal) (G1 Evacuation Pause) 1338M->349M(1700M) 35.925ms
[2023-12-07T23:36:59.219+0300][3.034s][info ][gc] GC(11) Pause Young (Normal) (G1 Evacuation Pause) 1338M->345M(1700M) 26.994ms
[2023-12-07T23:36:59.862+0300][3.685s][info ][gc] GC(12) Pause Young (Normal) (G1 Evacuation Pause) 1338M->343M(1700M) 26.996ms
[2023-12-07T23:37:00.499+0300][4.328s][info ][gc] GC(13) Pause Young (Normal) (G1 Evacuation Pause) 1338M->340M(1700M) 24.754ms
[2023-12-07T23:37:01.183+0300][5.004s][info ][gc] GC(14) Pause Young (Normal) (G1 Evacuation Pause) 1338M->336M(1700M) 19.196ms
[2023-12-07T23:37:01.837+0300][5.652s][info ][gc] GC(15) Pause Young (Normal) (G1 Evacuation Pause) 1337M->334M(1700M) 18.634ms
[2023-12-07T23:37:02.478+0300][6.294s][info ][gc] GC(16) Pause Young (Normal) (G1 Evacuation Pause) 1337M->333M(1700M) 18.191ms
[2023-12-07T23:37:03.147+0300][6.973s][info ][gc] GC(17) Pause Young (Normal) (G1 Evacuation Pause) 1338M->332M(1700M) 16.952ms
[2023-12-07T23:37:03.785+0300][7.609s][info ][gc] GC(18) Pause Young (Normal) (G1 Evacuation Pause) 1338M->332M(1700M) 17.459ms
[2023-12-07T23:37:04.380+0300][8.206s][info ][gc] GC(19) Pause Young (Normal) (G1 Evacuation Pause) 1338M->332M(1700M) 17.112ms
[2023-12-07T23:37:04.993+0300][8.808s][info ][gc] GC(20) Pause Young (Normal) (G1 Evacuation Pause) 1338M->330M(1700M) 16.289ms
[2023-12-07T23:37:05.581+0300][9.403s][info ][gc] GC(21) Pause Young (Normal) (G1 Evacuation Pause) 1337M->330M(1700M) 14.706ms
[2023-12-07T23:37:06.192+0300][10.007s][info ][gc] GC(22) Pause Young (Normal) (G1 Evacuation Pause) 1338M->330M(1700M) 14.891ms
[2023-12-07T23:37:06.846+0300][10.665s][info ][gc] GC(23) Pause Young (Normal) (G1 Evacuation Pause) 1338M->329M(1700M) 13.897ms
