[2023-12-08T00:07:48.973+0300][0.013s][info][gc] Using G1
[2023-12-08T00:07:48.989+0300][0.014s][debug][gc] ConcGCThreads: 2 offset 16
[2023-12-08T00:07:48.989+0300][0.014s][debug][gc] ParallelGCThreads: 8
[2023-12-08T00:07:48.989+0300][0.014s][debug][gc] Initialize mark stack with 4096 chunks, maximum 524288
[2023-12-08T00:07:49.402+0300][0.430s][info ][gc] GC(0) Pause Young (Normal) (G1 Evacuation Pause) 72M->68M(768M) 55.897ms
[2023-12-08T00:07:49.522+0300][0.557s][info ][gc] GC(1) Pause Young (Normal) (G1 Evacuation Pause) 141M->143M(768M) 51.930ms
[2023-12-08T00:07:49.636+0300][0.672s][info ][gc] GC(2) Pause Young (Normal) (G1 Evacuation Pause) 212M->214M(768M) 46.532ms
[2023-12-08T00:07:49.707+0300][0.743s][info ][gc] GC(3) Pause Young (Normal) (G1 Evacuation Pause) 247M->246M(768M) 21.455ms
[2023-12-08T00:07:49.785+0300][0.811s][info ][gc] GC(4) Pause Young (Normal) (G1 Evacuation Pause) 282M->283M(768M) 24.043ms
[2023-12-08T00:07:49.841+0300][0.876s][info ][gc] GC(5) Pause Young (Normal) (G1 Evacuation Pause) 330M->292M(768M) 9.411ms
[2023-12-08T00:07:50.055+0300][1.080s][info ][gc] GC(6) Pause Young (Normal) (G1 Evacuation Pause) 417M->323M(768M) 30.671ms
[2023-12-08T00:07:50.635+0300][1.665s][info ][gc] GC(7) Pause Young (Normal) (G1 Evacuation Pause) (Evacuation Failure) 688M->413M(768M) 80.478ms
[2023-12-08T00:07:50.770+0300][1.810s][info ][gc] GC(8) Pause Young (Concurrent Start) (G1 Evacuation Pause) 498M->449M(768M) 50.308ms
[2023-12-08T00:07:50.770+0300][1.810s][info ][gc] GC(9) Concurrent Mark Cycle
[2023-12-08T00:07:50.833+0300][1.861s][debug][gc] GC(9) Reclaimed 308 empty regions
[2023-12-08T00:07:50.833+0300][1.861s][info ][gc] GC(9) Pause Remark 469M->161M(768M) 0.685ms
[2023-12-08T00:07:50.849+0300][1.879s][info ][gc] GC(9) Pause Cleanup 176M->176M(768M) 0.166ms
[2023-12-08T00:07:50.849+0300][1.882s][info ][gc] GC(9) Concurrent Mark Cycle 71.584ms
[2023-12-08T00:07:50.938+0300][1.974s][info ][gc] GC(10) Pause Young (Prepare Mixed) (G1 Evacuation Pause) 228M->193M(768M) 41.519ms
[2023-12-08T00:07:51.470+0300][2.496s][info ][gc] GC(11) Pause Young (Mixed) (G1 Evacuation Pause) 601M->250M(768M) 43.349ms
